hugo: downloading modules …
hugo: collected modules in 6213 ms
Start building sites … 
hugo v0.162.1-bba860e3eda3091efe8c6d1a96bc49a29ad2d5f6+extended linux/amd64 BuildDate=2026-05-28T17:40:44Z VendorInfo=gohugoio

INFO  static: syncing static files to / duration 1.851928ms
INFO  build:  step process substep collect files 29 files_total 29 pagesources_total 29 resourcesources_total 0 duration 3.215237ms
INFO  build:  step process duration 3.239073ms
INFO  build:  step assemble duration 5.727351ms
INFO  webp: started dispatcher in 193.677131ms
INFO  build:  step render substep pages site en outputFormat html duration 846.194956ms
INFO  build:  step render substep pages site en outputFormat backlinks duration 1.247329ms
INFO  build:  step render substep pages site en outputFormat headers duration 159.601µs
INFO  build:  step render substep pages site en outputFormat redirects duration 244.82µs
INFO  build:  step render substep pages site en outputFormat rss duration 2.392244ms
INFO  build:  step render pages 47 content 85 duration 850.593084ms
INFO  exec: resolve "tailwindcss" location node_modules/.bin bin /home/runner/work/yujianke_homepage/yujianke_homepage/node_modules/.bin/tailwindcss script /home/runner/work/yujianke_homepage/yujianke_homepage/node_modules/@tailwindcss/cli/dist/index.mjs
INFO  tailwindcss: ≈ tailwindcss v4.2.4
INFO  tailwindcss: 
INFO  tailwindcss: Done in 241ms
INFO  build:  step render deferred count 34 duration 589.47678ms
INFO  build:  step postProcess duration 177.438µs
INFO  build:  duration 1.450795064s

                  │ EN 
──────────────────┼────
 Pages            │ 47 
 Paginator pages  │  0 
 Non-page files   │  0 
 Static files     │  8 
 Processed images │ 11 
 Aliases          │  4 
 Cleaned          │  0 

Total in 7854 ms
hugo_exit=0
--- 产物统计 ---
6.9M	public
137

> hugo-blox-academic-cv-starter@1.0.0 pagefind /home/runner/work/yujianke_homepage/yujianke_homepage
> pagefind --site public


Running Pagefind v1.5.2 (Extended)
Running from: "/home/runner/work/yujianke_homepage/yujianke_homepage"
Source:       "public"
Output:       "public/pagefind"

[Walking source directory]
Found 40 files matching **/*.{html}

[Parsing files]
Found a data-pagefind-body element on the site.
↳ Ignoring pages without this tag.

[Reading languages]
Discovered 1 language: en-us

[Building search indexes]
Total: 
  Indexed 1 language
  Indexed 24 pages
  Indexed 670 words
  Indexed 2 filters
  Indexed 0 sorts

Finished in 0.159 seconds
--- pagefind 产物 ---
filter
fragment
index
pagefind-component-ui.css
pagefind-component-ui.js
索引文件数: 40
